// Jest Snapshot v1, https://goo.gl/fbAQLP

exports[`ProductImage it must render without crashing 1`] = `null`;

exports[`ProductImage renders the component with the product image 1`] = `null`;

exports[`ProductImage renders without crashing 1`] = `null`;
